blaTEM.WHO_M_pConjugative_00003	KEEP	Made into gene. strand=+, frame=0
gyrA.WHO_F_00668c	KEEP	Made into gene. strand=+, frame=0
gyrB.WHO_F_02057	KEEP	Made into gene. strand=+, frame=0
mtrC.PW	KEEP	Made into gene. strand=+, frame=0
mtrD.WHO_F_01562c	KEEP	Made into gene. strand=+, frame=0
mtrD.mosaic_1	KEEP	Made into gene. strand=+, frame=0
mtrD.mosaic_2	KEEP	Made into gene. strand=+, frame=0
mtrD.mosaic_3	KEEP	Made into gene. strand=+, frame=0
mtrD.semimosaic_13	KEEP	Made into gene. strand=+, frame=0
parC.WHO_F_01444	KEEP	Made into gene. strand=+, frame=0
penA.1.001	KEEP	Made into gene. strand=+, frame=0
penA.1.002	KEEP	Made into gene. strand=+, frame=0
penA.1.003	KEEP	Made into gene. strand=+, frame=0
penA.1.004	KEEP	Made into gene. strand=+, frame=0
penA.1.005	KEEP	Made into gene. strand=+, frame=0
penA.1.006	KEEP	Made into gene. strand=+, frame=0
penA.1.007	KEEP	Made into gene. strand=+, frame=0
penA.1.008	KEEP	Made into gene. strand=+, frame=0
penA.1.009	KEEP	Made into gene. strand=+, frame=0
penA.1.01	KEEP	Made into gene. strand=+, frame=0
penA.1.011	KEEP	Made into gene. strand=+, frame=0
penA.1.012	KEEP	Made into gene. strand=+, frame=0
penA.1.013	KEEP	Made into gene. strand=+, frame=0
penA.1.014	KEEP	Made into gene. strand=+, frame=0
penA.1.015	KEEP	Made into gene. strand=+, frame=0
penA.1.016	KEEP	Made into gene. strand=+, frame=0
penA.1.017	KEEP	Made into gene. strand=+, frame=0
penA.1.018	KEEP	Made into gene. strand=+, frame=0
penA.1.019	KEEP	Made into gene. strand=+, frame=0
penA.1.02	KEEP	Made into gene. strand=+, frame=0
penA.1.021	KEEP	Made into gene. strand=+, frame=0
penA.1.022	KEEP	Made into gene. strand=+, frame=0
penA.1.023	KEEP	Made into gene. strand=+, frame=0
penA.1.024	KEEP	Made into gene. strand=+, frame=0
penA.1.025	KEEP	Made into gene. strand=+, frame=0
penA.1.026	KEEP	Made into gene. strand=+, frame=0
penA.1.027	KEEP	Made into gene. strand=+, frame=0
penA.1.028	KEEP	Made into gene. strand=+, frame=0
penA.1.029	KEEP	Made into gene. strand=+, frame=0
penA.1.03	KEEP	Made into gene. strand=+, frame=0
penA.10.001	KEEP	Made into gene. strand=+, frame=0
penA.10.002	KEEP	Made into gene. strand=+, frame=0
penA.10.003	KEEP	Made into gene. strand=+, frame=0
penA.10.004	KEEP	Made into gene. strand=+, frame=0
penA.10.005	KEEP	Made into gene. strand=+, frame=0
penA.10.006	KEEP	Made into gene. strand=+, frame=0
penA.10.007	KEEP	Made into gene. strand=+, frame=0
penA.10.008	KEEP	Made into gene. strand=+, frame=0
penA.10.009	KEEP	Made into gene. strand=+, frame=0
penA.10.01	KEEP	Made into gene. strand=+, frame=0
penA.10.011	KEEP	Made into gene. strand=+, frame=0
penA.10.012	KEEP	Made into gene. strand=+, frame=0
penA.10.013	KEEP	Made into gene. strand=+, frame=0
penA.10.014	KEEP	Made into gene. strand=+, frame=0
penA.10.015	KEEP	Made into gene. strand=+, frame=0
penA.10.016	KEEP	Made into gene. strand=+, frame=0
penA.10.017	KEEP	Made into gene. strand=+, frame=0
penA.10.018	KEEP	Made into gene. strand=+, frame=0
penA.10.019	KEEP	Made into gene. strand=+, frame=0
penA.10.02	KEEP	Made into gene. strand=+, frame=0
penA.10.021	KEEP	Made into gene. strand=+, frame=0
penA.100.001	KEEP	Made into gene. strand=+, frame=0
penA.100.002	KEEP	Made into gene. strand=+, frame=0
penA.100.003	KEEP	Made into gene. strand=+, frame=0
penA.100.004	KEEP	Made into gene. strand=+, frame=0
penA.100.005	KEEP	Made into gene. strand=+, frame=0
penA.100.006	KEEP	Made into gene. strand=+, frame=0
penA.100.007	KEEP	Made into gene. strand=+, frame=0
penA.100.008	KEEP	Made into gene. strand=+, frame=0
penA.100.009	KEEP	Made into gene. strand=+, frame=0
penA.100.01	KEEP	Made into gene. strand=+, frame=0
penA.100.011	KEEP	Made into gene. strand=+, frame=0
penA.100.012	KEEP	Made into gene. strand=+, frame=0
penA.100.013	KEEP	Made into gene. strand=+, frame=0
penA.100.014	KEEP	Made into gene. strand=+, frame=0
penA.100.015	KEEP	Made into gene. strand=+, frame=0
penA.100.016	KEEP	Made into gene. strand=+, frame=0
penA.100.017	KEEP	Made into gene. strand=+, frame=0
penA.100.018	KEEP	Made into gene. strand=+, frame=0
penA.100.019	KEEP	Made into gene. strand=+, frame=0
penA.100.02	KEEP	Made into gene. strand=+, frame=0
penA.101.001	KEEP	Made into gene. strand=+, frame=0
penA.101.002	KEEP	Made into gene. strand=+, frame=0
penA.102.001	KEEP	Made into gene. strand=+, frame=0
penA.103.001	KEEP	Made into gene. strand=+, frame=0
penA.103.002	KEEP	Made into gene. strand=+, frame=0
penA.103.003	KEEP	Made into gene. strand=+, frame=0
penA.103.004	KEEP	Made into gene. strand=+, frame=0
penA.103.005	KEEP	Made into gene. strand=+, frame=0
penA.103.006	KEEP	Made into gene. strand=+, frame=0
penA.104.001	KEEP	Made into gene. strand=+, frame=0
penA.105.001	KEEP	Made into gene. strand=+, frame=0
penA.105.002	KEEP	Made into gene. strand=+, frame=0
penA.106.001	KEEP	Made into gene. strand=+, frame=0
penA.107.001	KEEP	Made into gene. strand=+, frame=0
penA.108.001	KEEP	Made into gene. strand=+, frame=0
penA.109.001	KEEP	Made into gene. strand=+, frame=0
penA.11.001	KEEP	Made into gene. strand=+, frame=0
penA.11.002	KEEP	Made into gene. strand=+, frame=0
penA.110.001	KEEP	Made into gene. strand=+, frame=0
penA.111.001	KEEP	Made into gene. strand=+, frame=0
penA.112.001	KEEP	Made into gene. strand=+, frame=0
penA.112.002	KEEP	Made into gene. strand=+, frame=0
penA.113.001	KEEP	Made into gene. strand=+, frame=0
penA.114.001	KEEP	Made into gene. strand=+, frame=0
penA.116.001	KEEP	Made into gene. strand=+, frame=0
penA.117.001	KEEP	Made into gene. strand=+, frame=0
penA.118.001	KEEP	Made into gene. strand=+, frame=0
penA.119.001	KEEP	Made into gene. strand=+, frame=0
penA.12.001	KEEP	Made into gene. strand=+, frame=0
penA.12.002	KEEP	Made into gene. strand=+, frame=0
penA.12.003	KEEP	Made into gene. strand=+, frame=0
penA.12.004	KEEP	Made into gene. strand=+, frame=0
penA.12.005	KEEP	Made into gene. strand=+, frame=0
penA.12.006	KEEP	Made into gene. strand=+, frame=0
penA.12.007	KEEP	Made into gene. strand=+, frame=0
penA.12.008	KEEP	Made into gene. strand=+, frame=0
penA.12.01	KEEP	Made into gene. strand=+, frame=0
penA.12.011	KEEP	Made into gene. strand=+, frame=0
penA.12.012	KEEP	Made into gene. strand=+, frame=0
penA.12.013	KEEP	Made into gene. strand=+, frame=0
penA.120.001	KEEP	Made into gene. strand=+, frame=0
penA.120.002	KEEP	Made into gene. strand=+, frame=0
penA.120.003	KEEP	Made into gene. strand=+, frame=0
penA.121.001	KEEP	Made into gene. strand=+, frame=0
penA.121.002	KEEP	Made into gene. strand=+, frame=0
penA.122.001	KEEP	Made into gene. strand=+, frame=0
penA.123.001	KEEP	Made into gene. strand=+, frame=0
penA.124.001	KEEP	Made into gene. strand=+, frame=0
penA.124.002	KEEP	Made into gene. strand=+, frame=0
penA.124.003	KEEP	Made into gene. strand=+, frame=0
penA.125.001	KEEP	Made into gene. strand=+, frame=0
penA.126.001	KEEP	Made into gene. strand=+, frame=0
penA.127.001	KEEP	Made into gene. strand=+, frame=0
penA.128.001	KEEP	Made into gene. strand=+, frame=0
penA.129.001	KEEP	Made into gene. strand=+, frame=0
penA.13.001	KEEP	Made into gene. strand=+, frame=0
penA.13.002	KEEP	Made into gene. strand=+, frame=0
penA.13.003	KEEP	Made into gene. strand=+, frame=0
penA.13.004	KEEP	Made into gene. strand=+, frame=0
penA.13.005	KEEP	Made into gene. strand=+, frame=0
penA.13.006	KEEP	Made into gene. strand=+, frame=0
penA.13.007	KEEP	Made into gene. strand=+, frame=0
penA.13.008	KEEP	Made into gene. strand=+, frame=0
penA.13.009	KEEP	Made into gene. strand=+, frame=0
penA.13.01	KEEP	Made into gene. strand=+, frame=0
penA.13.011	KEEP	Made into gene. strand=+, frame=0
penA.13.012	KEEP	Made into gene. strand=+, frame=0
penA.13.013	KEEP	Made into gene. strand=+, frame=0
penA.13.014	KEEP	Made into gene. strand=+, frame=0
penA.13.015	KEEP	Made into gene. strand=+, frame=0
penA.130.001	KEEP	Made into gene. strand=+, frame=0
penA.131.001	KEEP	Made into gene. strand=+, frame=0
penA.132.001	KEEP	Made into gene. strand=+, frame=0
penA.133.001	KEEP	Made into gene. strand=+, frame=0
penA.134.001	KEEP	Made into gene. strand=+, frame=0
penA.134.002	KEEP	Made into gene. strand=+, frame=0
penA.135.001	KEEP	Made into gene. strand=+, frame=0
penA.136.001	KEEP	Made into gene. strand=+, frame=0
penA.137.001	KEEP	Made into gene. strand=+, frame=0
penA.138.001	KEEP	Made into gene. strand=+, frame=0
penA.139.001	KEEP	Made into gene. strand=+, frame=0
penA.14.001	KEEP	Made into gene. strand=+, frame=0
penA.14.002	KEEP	Made into gene. strand=+, frame=0
penA.14.003	KEEP	Made into gene. strand=+, frame=0
penA.14.004	KEEP	Made into gene. strand=+, frame=0
penA.14.005	KEEP	Made into gene. strand=+, frame=0
penA.14.006	KEEP	Made into gene. strand=+, frame=0
penA.14.007	KEEP	Made into gene. strand=+, frame=0
penA.14.008	KEEP	Made into gene. strand=+, frame=0
penA.14.009	KEEP	Made into gene. strand=+, frame=0
penA.14.01	KEEP	Made into gene. strand=+, frame=0
penA.14.011	KEEP	Made into gene. strand=+, frame=0
penA.14.012	KEEP	Made into gene. strand=+, frame=0
penA.14.013	KEEP	Made into gene. strand=+, frame=0
penA.14.014	KEEP	Made into gene. strand=+, frame=0
penA.14.015	KEEP	Made into gene. strand=+, frame=0
penA.14.016	KEEP	Made into gene. strand=+, frame=0
penA.14.017	KEEP	Made into gene. strand=+, frame=0
penA.14.018	KEEP	Made into gene. strand=+, frame=0
penA.14.019	KEEP	Made into gene. strand=+, frame=0
penA.14.02	KEEP	Made into gene. strand=+, frame=0
penA.14.021	KEEP	Made into gene. strand=+, frame=0
penA.14.022	KEEP	Made into gene. strand=+, frame=0
penA.14.023	KEEP	Made into gene. strand=+, frame=0
penA.14.024	KEEP	Made into gene. strand=+, frame=0
penA.14.025	KEEP	Made into gene. strand=+, frame=0
penA.14.026	KEEP	Made into gene. strand=+, frame=0
penA.14.027	KEEP	Made into gene. strand=+, frame=0
penA.14.028	KEEP	Made into gene. strand=+, frame=0
penA.14.029	KEEP	Made into gene. strand=+, frame=0
penA.14.03	KEEP	Made into gene. strand=+, frame=0
penA.14.031	KEEP	Made into gene. strand=+, frame=0
penA.14.032	KEEP	Made into gene. strand=+, frame=0
penA.14.033	KEEP	Made into gene. strand=+, frame=0
penA.14.034	KEEP	Made into gene. strand=+, frame=0
penA.14.035	KEEP	Made into gene. strand=+, frame=0
penA.14.036	KEEP	Made into gene. strand=+, frame=0
penA.14.037	KEEP	Made into gene. strand=+, frame=0
penA.14.038	KEEP	Made into gene. strand=+, frame=0
penA.14.039	KEEP	Made into gene. strand=+, frame=0
penA.140.001	KEEP	Made into gene. strand=+, frame=0
penA.140.002	KEEP	Made into gene. strand=+, frame=0
penA.141.001	KEEP	Made into gene. strand=+, frame=0
penA.142.001	KEEP	Made into gene. strand=+, frame=0
penA.143.001	KEEP	Made into gene. strand=+, frame=0
penA.144.001	KEEP	Made into gene. strand=+, frame=0
penA.145.001	KEEP	Made into gene. strand=+, frame=0
penA.146.001	KEEP	Made into gene. strand=+, frame=0
penA.147.001	KEEP	Made into gene. strand=+, frame=0
penA.148.001	KEEP	Made into gene. strand=+, frame=0
penA.149.001	KEEP	Made into gene. strand=+, frame=0
penA.149.002	KEEP	Made into gene. strand=+, frame=0
penA.15.001	KEEP	Made into gene. strand=+, frame=0
penA.15.002	KEEP	Made into gene. strand=+, frame=0
penA.15.003	KEEP	Made into gene. strand=+, frame=0
penA.15.004	KEEP	Made into gene. strand=+, frame=0
penA.15.005	KEEP	Made into gene. strand=+, frame=0
penA.15.006	KEEP	Made into gene. strand=+, frame=0
penA.15.007	KEEP	Made into gene. strand=+, frame=0
penA.15.008	KEEP	Made into gene. strand=+, frame=0
penA.15.009	KEEP	Made into gene. strand=+, frame=0
penA.15.01	KEEP	Made into gene. strand=+, frame=0
penA.15.011	KEEP	Made into gene. strand=+, frame=0
penA.150.001	KEEP	Made into gene. strand=+, frame=0
penA.151.001	KEEP	Made into gene. strand=+, frame=0
penA.152.001	KEEP	Made into gene. strand=+, frame=0
penA.153.001	KEEP	Made into gene. strand=+, frame=0
penA.154.001	KEEP	Made into gene. strand=+, frame=0
penA.155.001	KEEP	Made into gene. strand=+, frame=0
penA.156.001	KEEP	Made into gene. strand=+, frame=0
penA.157.001	KEEP	Made into gene. strand=+, frame=0
penA.158.001	KEEP	Made into gene. strand=+, frame=0
penA.159.001	KEEP	Made into gene. strand=+, frame=0
penA.16.001	KEEP	Made into gene. strand=+, frame=0
penA.16.002	KEEP	Made into gene. strand=+, frame=0
penA.16.003	KEEP	Made into gene. strand=+, frame=0
penA.16.004	KEEP	Made into gene. strand=+, frame=0
penA.16.005	KEEP	Made into gene. strand=+, frame=0
penA.16.006	KEEP	Made into gene. strand=+, frame=0
penA.16.007	KEEP	Made into gene. strand=+, frame=0
penA.16.008	KEEP	Made into gene. strand=+, frame=0
penA.160.001	KEEP	Made into gene. strand=+, frame=0
penA.160.002	KEEP	Made into gene. strand=+, frame=0
penA.160.003	KEEP	Made into gene. strand=+, frame=0
penA.160.004	KEEP	Made into gene. strand=+, frame=0
penA.161.001	KEEP	Made into gene. strand=+, frame=0
penA.162.001	KEEP	Made into gene. strand=+, frame=0
penA.163.001	KEEP	Made into gene. strand=+, frame=0
penA.164.001	KEEP	Made into gene. strand=+, frame=0
penA.165.001	KEEP	Made into gene. strand=+, frame=0
penA.166.001	KEEP	Made into gene. strand=+, frame=0
penA.166.002	KEEP	Made into gene. strand=+, frame=0
penA.166.003	KEEP	Made into gene. strand=+, frame=0
penA.166.004	KEEP	Made into gene. strand=+, frame=0
penA.166.005	KEEP	Made into gene. strand=+, frame=0
penA.166.006	KEEP	Made into gene. strand=+, frame=0
penA.166.007	KEEP	Made into gene. strand=+, frame=0
penA.166.008	KEEP	Made into gene. strand=+, frame=0
penA.166.009	KEEP	Made into gene. strand=+, frame=0
penA.167.001	KEEP	Made into gene. strand=+, frame=0
penA.169.001	KEEP	Made into gene. strand=+, frame=0
penA.17.001	KEEP	Made into gene. strand=+, frame=0
penA.17.002	KEEP	Made into gene. strand=+, frame=0
penA.170.001	KEEP	Made into gene. strand=+, frame=0
penA.170.002	KEEP	Made into gene. strand=+, frame=0
penA.171.001	KEEP	Made into gene. strand=+, frame=0
penA.172.001	KEEP	Made into gene. strand=+, frame=0
penA.173.001	KEEP	Made into gene. strand=+, frame=0
penA.174.001	KEEP	Made into gene. strand=+, frame=0
penA.175.001	KEEP	Made into gene. strand=+, frame=0
penA.176.001	KEEP	Made into gene. strand=+, frame=0
penA.176.002	KEEP	Made into gene. strand=+, frame=0
penA.178.001	KEEP	Made into gene. strand=+, frame=0
penA.179.001	KEEP	Made into gene. strand=+, frame=0
penA.18.001	KEEP	Made into gene. strand=+, frame=0
penA.18.002	KEEP	Made into gene. strand=+, frame=0
penA.18.003	KEEP	Made into gene. strand=+, frame=0
penA.18.004	KEEP	Made into gene. strand=+, frame=0
penA.18.005	KEEP	Made into gene. strand=+, frame=0
penA.180.001	KEEP	Made into gene. strand=+, frame=0
penA.181.001	KEEP	Made into gene. strand=+, frame=0
penA.182.001	KEEP	Made into gene. strand=+, frame=0
penA.183.001	KEEP	Made into gene. strand=+, frame=0
penA.184.001	KEEP	Made into gene. strand=+, frame=0
penA.185.001	KEEP	Made into gene. strand=+, frame=0
penA.186.001	KEEP	Made into gene. strand=+, frame=0
penA.187.001	KEEP	Made into gene. strand=+, frame=0
penA.187.002	KEEP	Made into gene. strand=+, frame=0
penA.188.001	KEEP	Made into gene. strand=+, frame=0
penA.189.001	KEEP	Made into gene. strand=+, frame=0
penA.19.001	KEEP	Made into gene. strand=+, frame=0
penA.19.002	KEEP	Made into gene. strand=+, frame=0
penA.19.003	KEEP	Made into gene. strand=+, frame=0
penA.19.004	KEEP	Made into gene. strand=+, frame=0
penA.19.005	KEEP	Made into gene. strand=+, frame=0
penA.19.006	KEEP	Made into gene. strand=+, frame=0
penA.19.007	KEEP	Made into gene. strand=+, frame=0
penA.19.008	KEEP	Made into gene. strand=+, frame=0
penA.19.009	KEEP	Made into gene. strand=+, frame=0
penA.19.01	KEEP	Made into gene. strand=+, frame=0
penA.19.011	KEEP	Made into gene. strand=+, frame=0
penA.19.012	KEEP	Made into gene. strand=+, frame=0
penA.19.013	KEEP	Made into gene. strand=+, frame=0
penA.19.014	KEEP	Made into gene. strand=+, frame=0
penA.19.015	KEEP	Made into gene. strand=+, frame=0
penA.19.016	KEEP	Made into gene. strand=+, frame=0
penA.19.017	KEEP	Made into gene. strand=+, frame=0
penA.19.018	KEEP	Made into gene. strand=+, frame=0
penA.19.019	KEEP	Made into gene. strand=+, frame=0
penA.19.02	KEEP	Made into gene. strand=+, frame=0
penA.19.021	KEEP	Made into gene. strand=+, frame=0
penA.19.022	KEEP	Made into gene. strand=+, frame=0
penA.19.023	KEEP	Made into gene. strand=+, frame=0
penA.19.024	KEEP	Made into gene. strand=+, frame=0
penA.19.025	KEEP	Made into gene. strand=+, frame=0
penA.19.026	KEEP	Made into gene. strand=+, frame=0
penA.19.027	KEEP	Made into gene. strand=+, frame=0
penA.19.028	KEEP	Made into gene. strand=+, frame=0
penA.19.029	KEEP	Made into gene. strand=+, frame=0
penA.19.03	KEEP	Made into gene. strand=+, frame=0
penA.19.031	KEEP	Made into gene. strand=+, frame=0
penA.190.001	KEEP	Made into gene. strand=+, frame=0
penA.191.001	KEEP	Made into gene. strand=+, frame=0
penA.192.001	KEEP	Made into gene. strand=+, frame=0
penA.193.001	KEEP	Made into gene. strand=+, frame=0
penA.194.001	KEEP	Made into gene. strand=+, frame=0
penA.196.001	KEEP	Made into gene. strand=+, frame=0
penA.198.001	KEEP	Made into gene. strand=+, frame=0
penA.198.002	KEEP	Made into gene. strand=+, frame=0
penA.198.003	KEEP	Made into gene. strand=+, frame=0
penA.198.004	KEEP	Made into gene. strand=+, frame=0
penA.198.005	KEEP	Made into gene. strand=+, frame=0
penA.198.006	KEEP	Made into gene. strand=+, frame=0
penA.198.007	KEEP	Made into gene. strand=+, frame=0
penA.198.008	KEEP	Made into gene. strand=+, frame=0
penA.199.001	KEEP	Made into gene. strand=+, frame=0
penA.2.001	KEEP	Made into gene. strand=+, frame=0
penA.2.002	KEEP	Made into gene. strand=+, frame=0
penA.2.003	KEEP	Made into gene. strand=+, frame=0
penA.2.004	KEEP	Made into gene. strand=+, frame=0
penA.2.005	KEEP	Made into gene. strand=+, frame=0
penA.2.006	KEEP	Made into gene. strand=+, frame=0
penA.2.007	KEEP	Made into gene. strand=+, frame=0
penA.2.008	KEEP	Made into gene. strand=+, frame=0
penA.2.009	KEEP	Made into gene. strand=+, frame=0
penA.2.01	KEEP	Made into gene. strand=+, frame=0
penA.2.011	KEEP	Made into gene. strand=+, frame=0
penA.2.012	KEEP	Made into gene. strand=+, frame=0
penA.2.013	KEEP	Made into gene. strand=+, frame=0
penA.2.014	KEEP	Made into gene. strand=+, frame=0
penA.2.015	KEEP	Made into gene. strand=+, frame=0
penA.2.016	KEEP	Made into gene. strand=+, frame=0
penA.2.017	KEEP	Made into gene. strand=+, frame=0
penA.2.018	KEEP	Made into gene. strand=+, frame=0
penA.2.019	KEEP	Made into gene. strand=+, frame=0
penA.2.02	KEEP	Made into gene. strand=+, frame=0
penA.2.021	KEEP	Made into gene. strand=+, frame=0
penA.2.022	KEEP	Made into gene. strand=+, frame=0
penA.2.023	KEEP	Made into gene. strand=+, frame=0
penA.2.024	KEEP	Made into gene. strand=+, frame=0
penA.2.025	KEEP	Made into gene. strand=+, frame=0
penA.2.026	KEEP	Made into gene. strand=+, frame=0
penA.2.027	KEEP	Made into gene. strand=+, frame=0
penA.2.028	KEEP	Made into gene. strand=+, frame=0
penA.2.029	KEEP	Made into gene. strand=+, frame=0
penA.2.03	KEEP	Made into gene. strand=+, frame=0
penA.2.031	KEEP	Made into gene. strand=+, frame=0
penA.2.032	KEEP	Made into gene. strand=+, frame=0
penA.2.033	KEEP	Made into gene. strand=+, frame=0
penA.2.034	KEEP	Made into gene. strand=+, frame=0
penA.2.035	KEEP	Made into gene. strand=+, frame=0
penA.2.036	KEEP	Made into gene. strand=+, frame=0
penA.2.037	KEEP	Made into gene. strand=+, frame=0
penA.2.038	KEEP	Made into gene. strand=+, frame=0
penA.2.039	KEEP	Made into gene. strand=+, frame=0
penA.2.04	KEEP	Made into gene. strand=+, frame=0
penA.2.041	KEEP	Made into gene. strand=+, frame=0
penA.2.042	KEEP	Made into gene. strand=+, frame=0
penA.2.043	KEEP	Made into gene. strand=+, frame=0
penA.2.044	KEEP	Made into gene. strand=+, frame=0
penA.2.045	KEEP	Made into gene. strand=+, frame=0
penA.2.046	KEEP	Made into gene. strand=+, frame=0
penA.2.047	KEEP	Made into gene. strand=+, frame=0
penA.2.048	KEEP	Made into gene. strand=+, frame=0
penA.2.049	KEEP	Made into gene. strand=+, frame=0
penA.2.05	KEEP	Made into gene. strand=+, frame=0
penA.2.051	KEEP	Made into gene. strand=+, frame=0
penA.2.052	KEEP	Made into gene. strand=+, frame=0
penA.2.053	KEEP	Made into gene. strand=+, frame=0
penA.2.054	KEEP	Made into gene. strand=+, frame=0
penA.2.055	KEEP	Made into gene. strand=+, frame=0
penA.2.056	KEEP	Made into gene. strand=+, frame=0
penA.2.057	KEEP	Made into gene. strand=+, frame=0
penA.2.058	KEEP	Made into gene. strand=+, frame=0
penA.2.059	KEEP	Made into gene. strand=+, frame=0
penA.2.06	KEEP	Made into gene. strand=+, frame=0
penA.2.061	KEEP	Made into gene. strand=+, frame=0
penA.2.062	KEEP	Made into gene. strand=+, frame=0
penA.2.063	KEEP	Made into gene. strand=+, frame=0
penA.2.064	KEEP	Made into gene. strand=+, frame=0
penA.2.065	KEEP	Made into gene. strand=+, frame=0
penA.2.066	KEEP	Made into gene. strand=+, frame=0
penA.2.067	KEEP	Made into gene. strand=+, frame=0
penA.2.068	KEEP	Made into gene. strand=+, frame=0
penA.2.069	KEEP	Made into gene. strand=+, frame=0
penA.2.07	KEEP	Made into gene. strand=+, frame=0
penA.2.071	KEEP	Made into gene. strand=+, frame=0
penA.2.072	KEEP	Made into gene. strand=+, frame=0
penA.2.073	KEEP	Made into gene. strand=+, frame=0
penA.2.074	KEEP	Made into gene. strand=+, frame=0
penA.2.075	KEEP	Made into gene. strand=+, frame=0
penA.2.076	KEEP	Made into gene. strand=+, frame=0
penA.2.077	KEEP	Made into gene. strand=+, frame=0
penA.2.078	KEEP	Made into gene. strand=+, frame=0
penA.2.079	KEEP	Made into gene. strand=+, frame=0
penA.2.08	KEEP	Made into gene. strand=+, frame=0
penA.2.081	KEEP	Made into gene. strand=+, frame=0
penA.2.082	KEEP	Made into gene. strand=+, frame=0
penA.2.083	KEEP	Made into gene. strand=+, frame=0
penA.2.084	KEEP	Made into gene. strand=+, frame=0
penA.2.085	KEEP	Made into gene. strand=+, frame=0
penA.2.086	KEEP	Made into gene. strand=+, frame=0
penA.2.087	KEEP	Made into gene. strand=+, frame=0
penA.2.088	KEEP	Made into gene. strand=+, frame=0
penA.2.089	KEEP	Made into gene. strand=+, frame=0
penA.2.091	KEEP	Made into gene. strand=+, frame=0
penA.2.092	KEEP	Made into gene. strand=+, frame=0
penA.2.093	KEEP	Made into gene. strand=+, frame=0
penA.2.094	KEEP	Made into gene. strand=+, frame=0
penA.2.095	KEEP	Made into gene. strand=+, frame=0
penA.2.096	KEEP	Made into gene. strand=+, frame=0
penA.2.097	KEEP	Made into gene. strand=+, frame=0
penA.2.098	KEEP	Made into gene. strand=+, frame=0
penA.2.099	KEEP	Made into gene. strand=+, frame=0
penA.2.101	KEEP	Made into gene. strand=+, frame=0
penA.2.102	KEEP	Made into gene. strand=+, frame=0
penA.2.103	KEEP	Made into gene. strand=+, frame=0
penA.2.104	KEEP	Made into gene. strand=+, frame=0
penA.2.105	KEEP	Made into gene. strand=+, frame=0
penA.2.106	KEEP	Made into gene. strand=+, frame=0
penA.2.107	KEEP	Made into gene. strand=+, frame=0
penA.2.108	KEEP	Made into gene. strand=+, frame=0
penA.2.109	KEEP	Made into gene. strand=+, frame=0
penA.2.11	KEEP	Made into gene. strand=+, frame=0
penA.2.111	KEEP	Made into gene. strand=+, frame=0
penA.2.112	KEEP	Made into gene. strand=+, frame=0
penA.2.113	KEEP	Made into gene. strand=+, frame=0
penA.2.114	KEEP	Made into gene. strand=+, frame=0
penA.2.115	KEEP	Made into gene. strand=+, frame=0
penA.2.116	KEEP	Made into gene. strand=+, frame=0
penA.2.117	KEEP	Made into gene. strand=+, frame=0
penA.2.118	KEEP	Made into gene. strand=+, frame=0
penA.2.119	KEEP	Made into gene. strand=+, frame=0
penA.2.12	KEEP	Made into gene. strand=+, frame=0
penA.2.121	KEEP	Made into gene. strand=+, frame=0
penA.2.122	KEEP	Made into gene. strand=+, frame=0
penA.2.123	KEEP	Made into gene. strand=+, frame=0
penA.2.124	KEEP	Made into gene. strand=+, frame=0
penA.200.001	KEEP	Made into gene. strand=+, frame=0
penA.201.001	KEEP	Made into gene. strand=+, frame=0
penA.202.001	KEEP	Made into gene. strand=+, frame=0
penA.203.001	KEEP	Made into gene. strand=+, frame=0
penA.204.001	KEEP	Made into gene. strand=+, frame=0
penA.205.001	KEEP	Made into gene. strand=+, frame=0
penA.207.001	KEEP	Made into gene. strand=+, frame=0
penA.208.001	KEEP	Made into gene. strand=+, frame=0
penA.208.002	KEEP	Made into gene. strand=+, frame=0
penA.208.003	KEEP	Made into gene. strand=+, frame=0
penA.209.001	KEEP	Made into gene. strand=+, frame=0
penA.21.001	KEEP	Made into gene. strand=+, frame=0
penA.21.002	KEEP	Made into gene. strand=+, frame=0
penA.21.003	KEEP	Made into gene. strand=+, frame=0
penA.21.004	KEEP	Made into gene. strand=+, frame=0
penA.210.001	KEEP	Made into gene. strand=+, frame=0
penA.211.001	KEEP	Made into gene. strand=+, frame=0
penA.212.001	KEEP	Made into gene. strand=+, frame=0
penA.213.001	KEEP	Made into gene. strand=+, frame=0
penA.214.001	KEEP	Made into gene. strand=+, frame=0
penA.215.001	KEEP	Made into gene. strand=+, frame=0
penA.215.002	KEEP	Made into gene. strand=+, frame=0
penA.216.001	KEEP	Made into gene. strand=+, frame=0
penA.217.001	KEEP	Made into gene. strand=+, frame=0
penA.218.001	KEEP	Made into gene. strand=+, frame=0
penA.218.002	KEEP	Made into gene. strand=+, frame=0
penA.219.001	KEEP	Made into gene. strand=+, frame=0
penA.22.001	KEEP	Made into gene. strand=+, frame=0
penA.22.002	KEEP	Made into gene. strand=+, frame=0
penA.22.003	KEEP	Made into gene. strand=+, frame=0
penA.22.004	KEEP	Made into gene. strand=+, frame=0
penA.22.005	KEEP	Made into gene. strand=+, frame=0
penA.22.006	KEEP	Made into gene. strand=+, frame=0
penA.22.007	KEEP	Made into gene. strand=+, frame=0
penA.22.008	KEEP	Made into gene. strand=+, frame=0
penA.22.009	KEEP	Made into gene. strand=+, frame=0
penA.22.01	KEEP	Made into gene. strand=+, frame=0
penA.22.011	KEEP	Made into gene. strand=+, frame=0
penA.22.012	KEEP	Made into gene. strand=+, frame=0
penA.22.013	KEEP	Made into gene. strand=+, frame=0
penA.22.014	KEEP	Made into gene. strand=+, frame=0
penA.22.015	KEEP	Made into gene. strand=+, frame=0
penA.22.016	KEEP	Made into gene. strand=+, frame=0
penA.22.017	KEEP	Made into gene. strand=+, frame=0
penA.22.018	KEEP	Made into gene. strand=+, frame=0
penA.22.019	KEEP	Made into gene. strand=+, frame=0
penA.22.02	KEEP	Made into gene. strand=+, frame=0
penA.22.021	KEEP	Made into gene. strand=+, frame=0
penA.22.022	KEEP	Made into gene. strand=+, frame=0
penA.22.023	KEEP	Made into gene. strand=+, frame=0
penA.22.024	KEEP	Made into gene. strand=+, frame=0
penA.22.025	KEEP	Made into gene. strand=+, frame=0
penA.22.026	KEEP	Made into gene. strand=+, frame=0
penA.22.027	KEEP	Made into gene. strand=+, frame=0
penA.22.028	KEEP	Made into gene. strand=+, frame=0
penA.220.001	KEEP	Made into gene. strand=+, frame=0
penA.221.001	KEEP	Made into gene. strand=+, frame=0
penA.222.001	KEEP	Made into gene. strand=+, frame=0
penA.223.001	KEEP	Made into gene. strand=+, frame=0
penA.223.002	KEEP	Made into gene. strand=+, frame=0
penA.224.001	KEEP	Made into gene. strand=+, frame=0
penA.225.001	KEEP	Made into gene. strand=+, frame=0
penA.226.001	KEEP	Made into gene. strand=+, frame=0
penA.227.001	KEEP	Made into gene. strand=+, frame=0
penA.228.001	KEEP	Made into gene. strand=+, frame=0
penA.229.001	KEEP	Made into gene. strand=+, frame=0
penA.230.001	KEEP	Made into gene. strand=+, frame=0
penA.231.001	KEEP	Made into gene. strand=+, frame=0
penA.232.001	KEEP	Made into gene. strand=+, frame=0
penA.232.002	KEEP	Made into gene. strand=+, frame=0
penA.233.001	KEEP	Made into gene. strand=+, frame=0
penA.234.001	KEEP	Made into gene. strand=+, frame=0
penA.234.002	KEEP	Made into gene. strand=+, frame=0
penA.235.001	KEEP	Made into gene. strand=+, frame=0
penA.237.001	KEEP	Made into gene. strand=+, frame=0
penA.237.002	KEEP	Made into gene. strand=+, frame=0
penA.237.003	KEEP	Made into gene. strand=+, frame=0
penA.238.001	KEEP	Made into gene. strand=+, frame=0
penA.239.001	KEEP	Made into gene. strand=+, frame=0
penA.24.001	KEEP	Made into gene. strand=+, frame=0
penA.240.001	KEEP	Made into gene. strand=+, frame=0
penA.241.001	KEEP	Made into gene. strand=+, frame=0
penA.242.001	KEEP	Made into gene. strand=+, frame=0
penA.242.002	KEEP	Made into gene. strand=+, frame=0
penA.242.003	KEEP	Made into gene. strand=+, frame=0
penA.243.001	KEEP	Made into gene. strand=+, frame=0
penA.245.001	KEEP	Made into gene. strand=+, frame=0
penA.246.001	KEEP	Made into gene. strand=+, frame=0
penA.248.001	KEEP	Made into gene. strand=+, frame=0
penA.249.001	KEEP	Made into gene. strand=+, frame=0
penA.250.001	KEEP	Made into gene. strand=+, frame=0
penA.251.001	KEEP	Made into gene. strand=+, frame=0
penA.252.001	KEEP	Made into gene. strand=+, frame=0
penA.253.001	KEEP	Made into gene. strand=+, frame=0
penA.254.001	KEEP	Made into gene. strand=+, frame=0
penA.255.001	KEEP	Made into gene. strand=+, frame=0
penA.256.001	KEEP	Made into gene. strand=+, frame=0
penA.257.001	KEEP	Made into gene. strand=+, frame=0
penA.258.001	KEEP	Made into gene. strand=+, frame=0
penA.259.001	KEEP	Made into gene. strand=+, frame=0
penA.260.001	KEEP	Made into gene. strand=+, frame=0
penA.261.001	KEEP	Made into gene. strand=+, frame=0
penA.262.001	KEEP	Made into gene. strand=+, frame=0
penA.263.001	KEEP	Made into gene. strand=+, frame=0
penA.264.001	KEEP	Made into gene. strand=+, frame=0
penA.265.001	KEEP	Made into gene. strand=+, frame=0
penA.265.002	KEEP	Made into gene. strand=+, frame=0
penA.266.001	KEEP	Made into gene. strand=+, frame=0
penA.267.001	KEEP	Made into gene. strand=+, frame=0
penA.268.001	KEEP	Made into gene. strand=+, frame=0
penA.269.001	KEEP	Made into gene. strand=+, frame=0
penA.27.001	KEEP	Made into gene. strand=+, frame=0
penA.27.002	KEEP	Made into gene. strand=+, frame=0
penA.27.003	KEEP	Made into gene. strand=+, frame=0
penA.27.004	KEEP	Made into gene. strand=+, frame=0
penA.27.005	KEEP	Made into gene. strand=+, frame=0
penA.270.001	KEEP	Made into gene. strand=+, frame=0
penA.271.001	KEEP	Made into gene. strand=+, frame=0
penA.272.001	KEEP	Made into gene. strand=+, frame=0
penA.273.001	KEEP	Made into gene. strand=+, frame=0
penA.274.001	KEEP	Made into gene. strand=+, frame=0
penA.275.001	KEEP	Made into gene. strand=+, frame=0
penA.275.002	KEEP	Made into gene. strand=+, frame=0
penA.276.001	KEEP	Made into gene. strand=+, frame=0
penA.277.001	KEEP	Made into gene. strand=+, frame=0
penA.278.001	KEEP	Made into gene. strand=+, frame=0
penA.279.001	KEEP	Made into gene. strand=+, frame=0
penA.279.002	KEEP	Made into gene. strand=+, frame=0
penA.280.001	KEEP	Made into gene. strand=+, frame=0
penA.281.001	KEEP	Made into gene. strand=+, frame=0
penA.282.001	KEEP	Made into gene. strand=+, frame=0
penA.283.001	KEEP	Made into gene. strand=+, frame=0
penA.284.001	KEEP	Made into gene. strand=+, frame=0
penA.285.001	KEEP	Made into gene. strand=+, frame=0
penA.286.001	KEEP	Made into gene. strand=+, frame=0
penA.287.001	KEEP	Made into gene. strand=+, frame=0
penA.288.001	KEEP	Made into gene. strand=+, frame=0
penA.289.001	KEEP	Made into gene. strand=+, frame=0
penA.290.001	KEEP	Made into gene. strand=+, frame=0
penA.291.001	KEEP	Made into gene. strand=+, frame=0
penA.292.001	KEEP	Made into gene. strand=+, frame=0
penA.293.001	KEEP	Made into gene. strand=+, frame=0
penA.294.001	KEEP	Made into gene. strand=+, frame=0
penA.294.002	KEEP	Made into gene. strand=+, frame=0
penA.295.001	KEEP	Made into gene. strand=+, frame=0
penA.296.001	KEEP	Made into gene. strand=+, frame=0
penA.297.001	KEEP	Made into gene. strand=+, frame=0
penA.298.001	KEEP	Made into gene. strand=+, frame=0
penA.299.001	KEEP	Made into gene. strand=+, frame=0
penA.3.001	KEEP	Made into gene. strand=+, frame=0
penA.3.002	KEEP	Made into gene. strand=+, frame=0
penA.3.003	KEEP	Made into gene. strand=+, frame=0
penA.3.004	KEEP	Made into gene. strand=+, frame=0
penA.3.005	KEEP	Made into gene. strand=+, frame=0
penA.3.006	KEEP	Made into gene. strand=+, frame=0
penA.30.001	KEEP	Made into gene. strand=+, frame=0
penA.30.002	KEEP	Made into gene. strand=+, frame=0
penA.30.003	KEEP	Made into gene. strand=+, frame=0
penA.300.001	KEEP	Made into gene. strand=+, frame=0
penA.301.001	KEEP	Made into gene. strand=+, frame=0
penA.302.001	KEEP	Made into gene. strand=+, frame=0
penA.303.001	KEEP	Made into gene. strand=+, frame=0
penA.304.001	KEEP	Made into gene. strand=+, frame=0
penA.305.001	KEEP	Made into gene. strand=+, frame=0
penA.306.001	KEEP	Made into gene. strand=+, frame=0
penA.307.001	KEEP	Made into gene. strand=+, frame=0
penA.308.001	KEEP	Made into gene. strand=+, frame=0
penA.309.001	KEEP	Made into gene. strand=+, frame=0
penA.31.001	KEEP	Made into gene. strand=+, frame=0
penA.310.001	KEEP	Made into gene. strand=+, frame=0
penA.311.001	KEEP	Made into gene. strand=+, frame=0
penA.312.001	KEEP	Made into gene. strand=+, frame=0
penA.313.001	KEEP	Made into gene. strand=+, frame=0
penA.314.001	KEEP	Made into gene. strand=+, frame=0
penA.315.001	KEEP	Made into gene. strand=+, frame=0
penA.316.001	KEEP	Made into gene. strand=+, frame=0
penA.317.001	KEEP	Made into gene. strand=+, frame=0
penA.318.001	KEEP	Made into gene. strand=+, frame=0
penA.319.001	KEEP	Made into gene. strand=+, frame=0
penA.320.001	KEEP	Made into gene. strand=+, frame=0
penA.321.001	KEEP	Made into gene. strand=+, frame=0
penA.322.001	KEEP	Made into gene. strand=+, frame=0
penA.322.002	KEEP	Made into gene. strand=+, frame=0
penA.323.001	KEEP	Made into gene. strand=+, frame=0
penA.324.001	KEEP	Made into gene. strand=+, frame=0
penA.325.001	KEEP	Made into gene. strand=+, frame=0
penA.326.001	KEEP	Made into gene. strand=+, frame=0
penA.327.001	KEEP	Made into gene. strand=+, frame=0
penA.328.001	KEEP	Made into gene. strand=+, frame=0
penA.329.001	KEEP	Made into gene. strand=+, frame=0
penA.330.001	KEEP	Made into gene. strand=+, frame=0
penA.331.001	KEEP	Made into gene. strand=+, frame=0
penA.332.001	KEEP	Made into gene. strand=+, frame=0
penA.333.001	KEEP	Made into gene. strand=+, frame=0
penA.334.001	KEEP	Made into gene. strand=+, frame=0
penA.335.001	KEEP	Made into gene. strand=+, frame=0
penA.335.002	KEEP	Made into gene. strand=+, frame=0
penA.336.001	KEEP	Made into gene. strand=+, frame=0
penA.337.001	KEEP	Made into gene. strand=+, frame=0
penA.338.001	KEEP	Made into gene. strand=+, frame=0
penA.339.001	KEEP	Made into gene. strand=+, frame=0
penA.34.001	KEEP	Made into gene. strand=+, frame=0
penA.34.002	KEEP	Made into gene. strand=+, frame=0
penA.34.003	KEEP	Made into gene. strand=+, frame=0
penA.34.004	KEEP	Made into gene. strand=+, frame=0
penA.34.005	KEEP	Made into gene. strand=+, frame=0
penA.34.006	KEEP	Made into gene. strand=+, frame=0
penA.34.007	KEEP	Made into gene. strand=+, frame=0
penA.34.008	KEEP	Made into gene. strand=+, frame=0
penA.34.009	KEEP	Made into gene. strand=+, frame=0
penA.34.01	KEEP	Made into gene. strand=+, frame=0
penA.34.011	KEEP	Made into gene. strand=+, frame=0
penA.34.012	KEEP	Made into gene. strand=+, frame=0
penA.34.013	KEEP	Made into gene. strand=+, frame=0
penA.34.014	KEEP	Made into gene. strand=+, frame=0
penA.34.015	KEEP	Made into gene. strand=+, frame=0
penA.34.016	KEEP	Made into gene. strand=+, frame=0
penA.34.017	KEEP	Made into gene. strand=+, frame=0
penA.34.018	KEEP	Made into gene. strand=+, frame=0
penA.34.019	KEEP	Made into gene. strand=+, frame=0
penA.34.02	KEEP	Made into gene. strand=+, frame=0
penA.34.021	KEEP	Made into gene. strand=+, frame=0
penA.34.022	KEEP	Made into gene. strand=+, frame=0
penA.34.023	KEEP	Made into gene. strand=+, frame=0
penA.34.024	KEEP	Made into gene. strand=+, frame=0
penA.34.025	KEEP	Made into gene. strand=+, frame=0
penA.34.026	KEEP	Made into gene. strand=+, frame=0
penA.34.027	KEEP	Made into gene. strand=+, frame=0
penA.34.028	KEEP	Made into gene. strand=+, frame=0
penA.34.029	KEEP	Made into gene. strand=+, frame=0
penA.34.03	KEEP	Made into gene. strand=+, frame=0
penA.34.031	KEEP	Made into gene. strand=+, frame=0
penA.34.032	KEEP	Made into gene. strand=+, frame=0
penA.34.033	KEEP	Made into gene. strand=+, frame=0
penA.34.034	KEEP	Made into gene. strand=+, frame=0
penA.34.035	KEEP	Made into gene. strand=+, frame=0
penA.34.036	KEEP	Made into gene. strand=+, frame=0
penA.34.037	KEEP	Made into gene. strand=+, frame=0
penA.34.038	KEEP	Made into gene. strand=+, frame=0
penA.34.039	KEEP	Made into gene. strand=+, frame=0
penA.34.04	KEEP	Made into gene. strand=+, frame=0
penA.34.041	KEEP	Made into gene. strand=+, frame=0
penA.34.042	KEEP	Made into gene. strand=+, frame=0
penA.34.043	KEEP	Made into gene. strand=+, frame=0
penA.34.044	KEEP	Made into gene. strand=+, frame=0
penA.34.045	KEEP	Made into gene. strand=+, frame=0
penA.34.046	KEEP	Made into gene. strand=+, frame=0
penA.34.047	KEEP	Made into gene. strand=+, frame=0
penA.34.048	KEEP	Made into gene. strand=+, frame=0
penA.34.049	KEEP	Made into gene. strand=+, frame=0
penA.34.05	KEEP	Made into gene. strand=+, frame=0
penA.34.051	KEEP	Made into gene. strand=+, frame=0
penA.34.052	KEEP	Made into gene. strand=+, frame=0
penA.340.001	KEEP	Made into gene. strand=+, frame=0
penA.341.001	KEEP	Made into gene. strand=+, frame=0
penA.342.001	KEEP	Made into gene. strand=+, frame=0
penA.343.001	KEEP	Made into gene. strand=+, frame=0
penA.344.001	KEEP	Made into gene. strand=+, frame=0
penA.345.001	KEEP	Made into gene. strand=+, frame=0
penA.346.001	KEEP	Made into gene. strand=+, frame=0
penA.347.001	KEEP	Made into gene. strand=+, frame=0
penA.348.001	KEEP	Made into gene. strand=+, frame=0
penA.349.001	KEEP	Made into gene. strand=+, frame=0
penA.35.001	KEEP	Made into gene. strand=+, frame=0
penA.35.002	KEEP	Made into gene. strand=+, frame=0
penA.35.003	KEEP	Made into gene. strand=+, frame=0
penA.350.001	KEEP	Made into gene. strand=+, frame=0
penA.351.001	KEEP	Made into gene. strand=+, frame=0
penA.352.001	KEEP	Made into gene. strand=+, frame=0
penA.353.001	KEEP	Made into gene. strand=+, frame=0
penA.354.001	KEEP	Made into gene. strand=+, frame=0
penA.355.001	KEEP	Made into gene. strand=+, frame=0
penA.356.001	KEEP	Made into gene. strand=+, frame=0
penA.357.001	KEEP	Made into gene. strand=+, frame=0
penA.358.001	KEEP	Made into gene. strand=+, frame=0
penA.359.001	KEEP	Made into gene. strand=+, frame=0
penA.360.001	KEEP	Made into gene. strand=+, frame=0
penA.361.001	KEEP	Made into gene. strand=+, frame=0
penA.362.001	KEEP	Made into gene. strand=+, frame=0
penA.37.001	KEEP	Made into gene. strand=+, frame=0
penA.38.001	KEEP	Made into gene. strand=+, frame=0
penA.38.002	KEEP	Made into gene. strand=+, frame=0
penA.4.001	KEEP	Made into gene. strand=+, frame=0
penA.4.002	KEEP	Made into gene. strand=+, frame=0
penA.4.003	KEEP	Made into gene. strand=+, frame=0
penA.40.001	KEEP	Made into gene. strand=+, frame=0
penA.41.001	KEEP	Made into gene. strand=+, frame=0
penA.41.002	KEEP	Made into gene. strand=+, frame=0
penA.42.001	KEEP	Made into gene. strand=+, frame=0
penA.43.001	KEEP	Made into gene. strand=+, frame=0
penA.43.002	KEEP	Made into gene. strand=+, frame=0
penA.43.003	KEEP	Made into gene. strand=+, frame=0
penA.43.004	KEEP	Made into gene. strand=+, frame=0
penA.43.005	KEEP	Made into gene. strand=+, frame=0
penA.43.006	KEEP	Made into gene. strand=+, frame=0
penA.43.007	KEEP	Made into gene. strand=+, frame=0
penA.43.008	KEEP	Made into gene. strand=+, frame=0
penA.43.009	KEEP	Made into gene. strand=+, frame=0
penA.43.011	KEEP	Made into gene. strand=+, frame=0
penA.43.012	KEEP	Made into gene. strand=+, frame=0
penA.43.013	KEEP	Made into gene. strand=+, frame=0
penA.44.001	KEEP	Made into gene. strand=+, frame=0
penA.44.002	KEEP	Made into gene. strand=+, frame=0
penA.44.003	KEEP	Made into gene. strand=+, frame=0
penA.44.004	KEEP	Made into gene. strand=+, frame=0
penA.44.005	KEEP	Made into gene. strand=+, frame=0
penA.44.006	KEEP	Made into gene. strand=+, frame=0
penA.44.007	KEEP	Made into gene. strand=+, frame=0
penA.44.008	KEEP	Made into gene. strand=+, frame=0
penA.44.009	KEEP	Made into gene. strand=+, frame=0
penA.44.011	KEEP	Made into gene. strand=+, frame=0
penA.45.001	KEEP	Made into gene. strand=+, frame=0
penA.45.002	KEEP	Made into gene. strand=+, frame=0
penA.45.003	KEEP	Made into gene. strand=+, frame=0
penA.45.004	KEEP	Made into gene. strand=+, frame=0
penA.46.001	KEEP	Made into gene. strand=+, frame=0
penA.47.001	KEEP	Made into gene. strand=+, frame=0
penA.48.001	KEEP	Made into gene. strand=+, frame=0
penA.48.002	KEEP	Made into gene. strand=+, frame=0
penA.49.001	KEEP	Made into gene. strand=+, frame=0
penA.5.001	KEEP	Made into gene. strand=+, frame=0
penA.5.002	KEEP	Made into gene. strand=+, frame=0
penA.5.003	KEEP	Made into gene. strand=+, frame=0
penA.5.004	KEEP	Made into gene. strand=+, frame=0
penA.5.005	KEEP	Made into gene. strand=+, frame=0
penA.5.006	KEEP	Made into gene. strand=+, frame=0
penA.5.007	KEEP	Made into gene. strand=+, frame=0
penA.5.008	KEEP	Made into gene. strand=+, frame=0
penA.5.009	KEEP	Made into gene. strand=+, frame=0
penA.5.01	KEEP	Made into gene. strand=+, frame=0
penA.5.011	KEEP	Made into gene. strand=+, frame=0
penA.5.012	KEEP	Made into gene. strand=+, frame=0
penA.5.013	KEEP	Made into gene. strand=+, frame=0
penA.5.014	KEEP	Made into gene. strand=+, frame=0
penA.5.015	KEEP	Made into gene. strand=+, frame=0
penA.5.016	KEEP	Made into gene. strand=+, frame=0
penA.5.017	KEEP	Made into gene. strand=+, frame=0
penA.5.018	KEEP	Made into gene. strand=+, frame=0
penA.5.019	KEEP	Made into gene. strand=+, frame=0
penA.5.02	KEEP	Made into gene. strand=+, frame=0
penA.5.021	KEEP	Made into gene. strand=+, frame=0
penA.5.022	KEEP	Made into gene. strand=+, frame=0
penA.5.023	KEEP	Made into gene. strand=+, frame=0
penA.5.024	KEEP	Made into gene. strand=+, frame=0
penA.5.025	KEEP	Made into gene. strand=+, frame=0
penA.5.026	KEEP	Made into gene. strand=+, frame=0
penA.5.027	KEEP	Made into gene. strand=+, frame=0
penA.5.028	KEEP	Made into gene. strand=+, frame=0
penA.5.029	KEEP	Made into gene. strand=+, frame=0
penA.5.03	KEEP	Made into gene. strand=+, frame=0
penA.5.031	KEEP	Made into gene. strand=+, frame=0
penA.50.001	KEEP	Made into gene. strand=+, frame=0
penA.50.002	KEEP	Made into gene. strand=+, frame=0
penA.53.001	KEEP	Made into gene. strand=+, frame=0
penA.53.002	KEEP	Made into gene. strand=+, frame=0
penA.53.003	KEEP	Made into gene. strand=+, frame=0
penA.54.001	KEEP	Made into gene. strand=+, frame=0
penA.54.002	KEEP	Made into gene. strand=+, frame=0
penA.54.003	KEEP	Made into gene. strand=+, frame=0
penA.55.001	KEEP	Made into gene. strand=+, frame=0
penA.57.001	KEEP	Made into gene. strand=+, frame=0
penA.59.001	KEEP	Made into gene. strand=+, frame=0
penA.60.001	KEEP	Made into gene. strand=+, frame=0
penA.60.002	KEEP	Made into gene. strand=+, frame=0
penA.60.003	KEEP	Made into gene. strand=+, frame=0
penA.60.004	KEEP	Made into gene. strand=+, frame=0
penA.60.005	KEEP	Made into gene. strand=+, frame=0
penA.60.006	KEEP	Made into gene. strand=+, frame=0
penA.60.007	KEEP	Made into gene. strand=+, frame=0
penA.60.008	KEEP	Made into gene. strand=+, frame=0
penA.60.009	KEEP	Made into gene. strand=+, frame=0
penA.61.001	KEEP	Made into gene. strand=+, frame=0
penA.61.002	KEEP	Made into gene. strand=+, frame=0
penA.62.001	KEEP	Made into gene. strand=+, frame=0
penA.63.001	KEEP	Made into gene. strand=+, frame=0
penA.63.002	KEEP	Made into gene. strand=+, frame=0
penA.64.001	KEEP	Made into gene. strand=+, frame=0
penA.66.001	KEEP	Made into gene. strand=+, frame=0
penA.67.001	KEEP	Made into gene. strand=+, frame=0
penA.67.002	KEEP	Made into gene. strand=+, frame=0
penA.67.003	KEEP	Made into gene. strand=+, frame=0
penA.67.004	KEEP	Made into gene. strand=+, frame=0
penA.67.005	KEEP	Made into gene. strand=+, frame=0
penA.67.006	KEEP	Made into gene. strand=+, frame=0
penA.67.007	KEEP	Made into gene. strand=+, frame=0
penA.68.001	KEEP	Made into gene. strand=+, frame=0
penA.7.001	KEEP	Made into gene. strand=+, frame=0
penA.70.001	KEEP	Made into gene. strand=+, frame=0
penA.71.001	KEEP	Made into gene. strand=+, frame=0
penA.72.001	KEEP	Made into gene. strand=+, frame=0
penA.72.002	KEEP	Made into gene. strand=+, frame=0
penA.72.003	KEEP	Made into gene. strand=+, frame=0
penA.72.004	KEEP	Made into gene. strand=+, frame=0
penA.72.005	KEEP	Made into gene. strand=+, frame=0
penA.72.006	KEEP	Made into gene. strand=+, frame=0
penA.73.001	KEEP	Made into gene. strand=+, frame=0
penA.74.001	KEEP	Made into gene. strand=+, frame=0
penA.75.001	KEEP	Made into gene. strand=+, frame=0
penA.76.001	KEEP	Made into gene. strand=+, frame=0
penA.76.002	KEEP	Made into gene. strand=+, frame=0
penA.76.003	KEEP	Made into gene. strand=+, frame=0
penA.76.004	KEEP	Made into gene. strand=+, frame=0
penA.76.005	KEEP	Made into gene. strand=+, frame=0
penA.76.006	KEEP	Made into gene. strand=+, frame=0
penA.76.007	KEEP	Made into gene. strand=+, frame=0
penA.77.001	KEEP	Made into gene. strand=+, frame=0
penA.78.001	KEEP	Made into gene. strand=+, frame=0
penA.78.002	KEEP	Made into gene. strand=+, frame=0
penA.78.003	KEEP	Made into gene. strand=+, frame=0
penA.79.001	KEEP	Made into gene. strand=+, frame=0
penA.79.002	KEEP	Made into gene. strand=+, frame=0
penA.80.001	KEEP	Made into gene. strand=+, frame=0
penA.80.002	KEEP	Made into gene. strand=+, frame=0
penA.81.001	KEEP	Made into gene. strand=+, frame=0
penA.82.001	KEEP	Made into gene. strand=+, frame=0
penA.83.001	KEEP	Made into gene. strand=+, frame=0
penA.84.001	KEEP	Made into gene. strand=+, frame=0
penA.85.001	KEEP	Made into gene. strand=+, frame=0
penA.85.002	KEEP	Made into gene. strand=+, frame=0
penA.85.003	KEEP	Made into gene. strand=+, frame=0
penA.86.001	KEEP	Made into gene. strand=+, frame=0
penA.87.001	KEEP	Made into gene. strand=+, frame=0
penA.87.002	KEEP	Made into gene. strand=+, frame=0
penA.88.001	KEEP	Made into gene. strand=+, frame=0
penA.89.001	KEEP	Made into gene. strand=+, frame=0
penA.9.001	KEEP	Made into gene. strand=+, frame=0
penA.9.002	KEEP	Made into gene. strand=+, frame=0
penA.9.003	KEEP	Made into gene. strand=+, frame=0
penA.9.004	KEEP	Made into gene. strand=+, frame=0
penA.9.005	KEEP	Made into gene. strand=+, frame=0
penA.9.006	KEEP	Made into gene. strand=+, frame=0
penA.9.007	KEEP	Made into gene. strand=+, frame=0
penA.9.008	KEEP	Made into gene. strand=+, frame=0
penA.9.009	KEEP	Made into gene. strand=+, frame=0
penA.9.01	KEEP	Made into gene. strand=+, frame=0
penA.9.011	KEEP	Made into gene. strand=+, frame=0
penA.9.012	KEEP	Made into gene. strand=+, frame=0
penA.9.013	KEEP	Made into gene. strand=+, frame=0
penA.9.014	KEEP	Made into gene. strand=+, frame=0
penA.9.015	KEEP	Made into gene. strand=+, frame=0
penA.9.016	KEEP	Made into gene. strand=+, frame=0
penA.9.017	KEEP	Made into gene. strand=+, frame=0
penA.90.001	KEEP	Made into gene. strand=+, frame=0
penA.91.001	KEEP	Made into gene. strand=+, frame=0
penA.91.002	KEEP	Made into gene. strand=+, frame=0
penA.91.003	KEEP	Made into gene. strand=+, frame=0
penA.92.001	KEEP	Made into gene. strand=+, frame=0
penA.93.001	KEEP	Made into gene. strand=+, frame=0
penA.93.002	KEEP	Made into gene. strand=+, frame=0
penA.93.003	KEEP	Made into gene. strand=+, frame=0
penA.94.001	KEEP	Made into gene. strand=+, frame=0
penA.94.002	KEEP	Made into gene. strand=+, frame=0
penA.95.001	KEEP	Made into gene. strand=+, frame=0
penA.96.001	KEEP	Made into gene. strand=+, frame=0
penA.97.001	KEEP	Made into gene. strand=+, frame=0
penA.98.001	KEEP	Made into gene. strand=+, frame=0
penA.98.002	KEEP	Made into gene. strand=+, frame=0
penA.99.001	KEEP	Made into gene. strand=+, frame=0
penA100partial.001	KEEP	Made into gene. strand=+, frame=0
ponA.WHO_F_00106	KEEP	Made into gene. strand=+, frame=0
rpsE.WHO_F_02123c	KEEP	Made into gene. strand=+, frame=0
rpsJ.WHO_F_02142c	KEEP	Made into gene. strand=+, frame=0
tetM.WHO_G_pTetM_00047	KEEP	Made into gene. strand=+, frame=0
